<?xml version="1.0" encoding="utf-8"?><testsuites name="pytest tests"><testsuite name="pytest" errors="0" failures="0" skipped="0" tests="3" time="0.113" timestamp="2026-02-06T14:11:06.902381-08:00" hostname="hagrids-macbook-pro.local"><testcase classname="tests.sample_suite.test_demo" name="test_pass" time="0.000" /><testcase classname="tests.sample_suite.test_demo" name="test_flaky" time="0.000" /><testcase classname="tests.sample_suite.test_demo" name="test_slow" time="0.105" /></testsuite></testsuites>